// Jest Snapshot v1, https://goo.gl/fbAQLP

exports[`renders 1`] = `
<div
  className="Participant"
>
  <h3
    className="Participant-name"
  />
  <img
    className="Participant-avatar"
  />
  <p
    className="Participant-inSession"
  />
  <p
    className="Participant-onStage"
  >
    
  </p>
</div>
`;
